nohup: ignoring input
build: make -C /home/sigbot/parallel-gpt fixtures build/serial_cpp build/parallel_cpp
build core: pass
validate serial_python: running
validate serial_python: pass
validate serial_torch: running
validate serial_torch: pass
validate parallel_torch: running
validate parallel_torch: pass
validate serial_cpp: running
validate serial_cpp: pass
validate parallel_cpp: running
validate parallel_cpp: pass
benchmark serial_python small: running
benchmark serial_python small: pass total_program_seconds=44.81507031
benchmark serial_torch small: running
benchmark serial_torch small: pass total_program_seconds=1.04850320
benchmark parallel_torch small: running
benchmark parallel_torch small: pass total_program_seconds=0.89522438
benchmark serial_cpp small: running
benchmark serial_cpp small: pass total_program_seconds=0.059715761
benchmark parallel_cpp small: running
benchmark parallel_cpp small: pass total_program_seconds=0.17403344
benchmark serial_python medium: running
benchmark serial_python medium: pass total_program_seconds=1716.10898199
benchmark serial_torch medium: running
benchmark serial_torch medium: pass total_program_seconds=2.27811868
benchmark parallel_torch medium: running
benchmark parallel_torch medium: pass total_program_seconds=1.07487535
benchmark serial_cpp medium: running
benchmark serial_cpp medium: pass total_program_seconds=2.1531506
benchmark parallel_cpp medium: running
benchmark parallel_cpp medium: pass total_program_seconds=0.71050933
benchmark serial_python large: skipped, preset disabled for method
benchmark serial_torch large: running
benchmark serial_torch large: pass total_program_seconds=8.39896451
benchmark parallel_torch large: running
benchmark parallel_torch large: pass total_program_seconds=2.59851421
benchmark serial_cpp large: running
benchmark serial_cpp large: pass total_program_seconds=49.851581
benchmark parallel_cpp large: running
benchmark parallel_cpp large: pass total_program_seconds=5.3960315
benchmark serial_python very-large: skipped, preset disabled for method
benchmark serial_torch very-large: running
benchmark serial_torch very-large: pass total_program_seconds=27.36656987
benchmark parallel_torch very-large: running
benchmark parallel_torch very-large: pass total_program_seconds=7.26844744
benchmark serial_cpp very-large: running
benchmark serial_cpp very-large: pass total_program_seconds=345.44723
benchmark parallel_cpp very-large: running
benchmark parallel_cpp very-large: pass total_program_seconds=28.656277
benchmark serial_python extra-large: skipped, preset disabled for method
benchmark serial_torch extra-large: running
benchmark serial_torch extra-large: pass total_program_seconds=99.01055024
benchmark parallel_torch extra-large: running
benchmark parallel_torch extra-large: pass total_program_seconds=20.09386802
benchmark serial_cpp extra-large: running
benchmark serial_cpp extra-large: pass total_program_seconds=1681.4897
benchmark parallel_cpp extra-large: running
benchmark parallel_cpp extra-large: pass total_program_seconds=109.36317
benchmark serial_python names-1k: skipped, preset disabled for method
benchmark serial_torch names-1k: running
benchmark serial_torch names-1k: pass total_program_seconds=1.64394796
benchmark parallel_torch names-1k: running
benchmark parallel_torch names-1k: pass total_program_seconds=0.89648435
benchmark serial_cpp names-1k: running
benchmark serial_cpp names-1k: pass total_program_seconds=0.26856819
benchmark parallel_cpp names-1k: running
benchmark parallel_cpp names-1k: pass total_program_seconds=0.26415983
benchmark serial_python names-5k: skipped, preset disabled for method
benchmark serial_torch names-5k: running
benchmark serial_torch names-5k: pass total_program_seconds=4.61345402
benchmark parallel_torch names-5k: running
benchmark parallel_torch names-5k: pass total_program_seconds=0.91514763
benchmark serial_cpp names-5k: running
benchmark serial_cpp names-5k: pass total_program_seconds=1.2813353
benchmark parallel_cpp names-5k: running
benchmark parallel_cpp names-5k: pass total_program_seconds=0.62458326
benchmark serial_python names-10k: skipped, preset disabled for method
benchmark serial_torch names-10k: running
benchmark serial_torch names-10k: pass total_program_seconds=8.27415241
benchmark parallel_torch names-10k: running
benchmark parallel_torch names-10k: pass total_program_seconds=0.93968650
benchmark serial_cpp names-10k: running
benchmark serial_cpp names-10k: pass total_program_seconds=2.5910937
benchmark parallel_cpp names-10k: running
benchmark parallel_cpp names-10k: pass total_program_seconds=1.1100497
benchmark serial_python names-20k: skipped, preset disabled for method
benchmark serial_torch names-20k: running
benchmark serial_torch names-20k: pass total_program_seconds=24.85272590
benchmark parallel_torch names-20k: running
benchmark parallel_torch names-20k: pass total_program_seconds=1.46605910
benchmark serial_cpp names-20k: running
benchmark serial_cpp names-20k: pass total_program_seconds=43.736363
benchmark parallel_cpp names-20k: running
benchmark parallel_cpp names-20k: pass total_program_seconds=4.6657035
benchmark serial_python names-30k: skipped, preset disabled for method
benchmark serial_torch names-30k: running
benchmark serial_torch names-30k: pass total_program_seconds=36.41519684
benchmark parallel_torch names-30k: running
benchmark parallel_torch names-30k: pass total_program_seconds=1.62197584
benchmark serial_cpp names-30k: running
benchmark serial_cpp names-30k: pass total_program_seconds=64.866076
benchmark parallel_cpp names-30k: running
benchmark parallel_cpp names-30k: pass total_program_seconds=6.6305449
benchmark serial_python model-small-1k: skipped, preset disabled for method
benchmark serial_torch model-small-1k: running
benchmark serial_torch model-small-1k: pass total_program_seconds=1.63420884
benchmark parallel_torch model-small-1k: running
benchmark parallel_torch model-small-1k: pass total_program_seconds=0.89981064
benchmark serial_cpp model-small-1k: running
benchmark serial_cpp model-small-1k: pass total_program_seconds=0.2684524
benchmark parallel_cpp model-small-1k: running
benchmark parallel_cpp model-small-1k: pass total_program_seconds=0.27852667
benchmark serial_python model-medium-1k: skipped, preset disabled for method
benchmark serial_torch model-medium-1k: running
benchmark serial_torch model-medium-1k: pass total_program_seconds=2.23212202
benchmark parallel_torch model-medium-1k: running
benchmark parallel_torch model-medium-1k: pass total_program_seconds=1.06369536
benchmark serial_cpp model-medium-1k: running
benchmark serial_cpp model-medium-1k: pass total_program_seconds=2.1536985
benchmark parallel_cpp model-medium-1k: running
benchmark parallel_cpp model-medium-1k: pass total_program_seconds=0.69381134
benchmark serial_python model-large-1k: skipped, preset disabled for method
benchmark serial_torch model-large-1k: running
benchmark serial_torch model-large-1k: pass total_program_seconds=4.75170867
benchmark parallel_torch model-large-1k: running
benchmark parallel_torch model-large-1k: pass total_program_seconds=2.41943806
benchmark serial_cpp model-large-1k: running
benchmark serial_cpp model-large-1k: pass total_program_seconds=20.099654
benchmark parallel_cpp model-large-1k: running
benchmark parallel_cpp model-large-1k: pass total_program_seconds=3.7390259
benchmark serial_python model-very-large-1k: skipped, preset disabled for method
benchmark serial_torch model-very-large-1k: running
benchmark serial_torch model-very-large-1k: pass total_program_seconds=9.98335424
benchmark parallel_torch model-very-large-1k: running
benchmark parallel_torch model-very-large-1k: pass total_program_seconds=5.97317054
benchmark serial_cpp model-very-large-1k: running
benchmark serial_cpp model-very-large-1k: pass total_program_seconds=68.261525
benchmark parallel_cpp model-very-large-1k: running
benchmark parallel_cpp model-very-large-1k: pass total_program_seconds=12.642357
benchmark serial_python model-extra-large-1k: skipped, preset disabled for method
benchmark serial_torch model-extra-large-1k: running
benchmark serial_torch model-extra-large-1k: pass total_program_seconds=20.42338331
benchmark parallel_torch model-extra-large-1k: running
benchmark parallel_torch model-extra-large-1k: pass total_program_seconds=12.89671818
benchmark serial_cpp model-extra-large-1k: running
benchmark serial_cpp model-extra-large-1k: pass total_program_seconds=165.0822
benchmark parallel_cpp model-extra-large-1k: running
benchmark parallel_cpp model-extra-large-1k: pass total_program_seconds=27.967429
wrote benchmark results to /home/sigbot/parallel-gpt/benchmark_results.json
wrote benchmark report to /home/sigbot/parallel-gpt/benchmark_results.html
